Archive member included to satisfy reference by file (symbol)

d:/arm_toolchain/truestudio for stm32 9.1.0/armtools/bin/../lib/gcc/arm-atollic-eabi/6.3.1/../../../../arm-atollic-eabi/lib/armv6-m\libc_nano.a(lib_a-init.o)
                              startup\startup_stm32l053xx.o (__libc_init_array)
d:/arm_toolchain/truestudio for stm32 9.1.0/armtools/bin/../lib/gcc/arm-atollic-eabi/6.3.1/../../../../arm-atollic-eabi/lib/armv6-m\libc_nano.a(lib_a-memcpy-stub.o)
                              Middlewares\X-CUBE-BLE1\Wireless\Controller\bluenrg_gap_aci.o (memcpy)
d:/arm_toolchain/truestudio for stm32 9.1.0/armtools/bin/../lib/gcc/arm-atollic-eabi/6.3.1/../../../../arm-atollic-eabi/lib/armv6-m\libc_nano.a(lib_a-memset.o)
                              Drivers\STM32L0xx_HAL_Driver\stm32l0xx_hal_rcc.o (memset)
d:/arm_toolchain/truestudio for stm32 9.1.0/armtools/bin/../lib/gcc/arm-atollic-eabi/6.3.1/../../../../arm-atollic-eabi/lib/armv6-m\libc_nano.a(lib_a-rand.o)
                              Src\lgs_bluetooth.o (srand)
d:/arm_toolchain/truestudio for stm32 9.1.0/armtools/bin/../lib/gcc/arm-atollic-eabi/6.3.1/../../../../arm-atollic-eabi/lib/armv6-m\libc_nano.a(lib_a-impure.o)
                              d:/arm_toolchain/truestudio for stm32 9.1.0/armtools/bin/../lib/gcc/arm-atollic-eabi/6.3.1/../../../../arm-atollic-eabi/lib/armv6-m\libc_nano.a(lib_a-rand.o) (_impure_ptr)
d:/arm_toolchain/truestudio for stm32 9.1.0/armtools/bin/../lib/gcc/arm-atollic-eabi/6.3.1/../../../../arm-atollic-eabi/lib/armv6-m\libc_nano.a(lib_a-malloc.o)
                              d:/arm_toolchain/truestudio for stm32 9.1.0/armtools/bin/../lib/gcc/arm-atollic-eabi/6.3.1/../../../../arm-atollic-eabi/lib/armv6-m\libc_nano.a(lib_a-rand.o) (malloc)
d:/arm_toolchain/truestudio for stm32 9.1.0/armtools/bin/../lib/gcc/arm-atollic-eabi/6.3.1/../../../../arm-atollic-eabi/lib/armv6-m\libc_nano.a(lib_a-nano-freer.o)
                              d:/arm_toolchain/truestudio for stm32 9.1.0/armtools/bin/../lib/gcc/arm-atollic-eabi/6.3.1/../../../../arm-atollic-eabi/lib/armv6-m\libc_nano.a(lib_a-malloc.o) (_free_r)
d:/arm_toolchain/truestudio for stm32 9.1.0/armtools/bin/../lib/gcc/arm-atollic-eabi/6.3.1/../../../../arm-atollic-eabi/lib/armv6-m\libc_nano.a(lib_a-nano-mallocr.o)
                              d:/arm_toolchain/truestudio for stm32 9.1.0/armtools/bin/../lib/gcc/arm-atollic-eabi/6.3.1/../../../../arm-atollic-eabi/lib/armv6-m\libc_nano.a(lib_a-malloc.o) (_malloc_r)
d:/arm_toolchain/truestudio for stm32 9.1.0/armtools/bin/../lib/gcc/arm-atollic-eabi/6.3.1/../../../../arm-atollic-eabi/lib/armv6-m\libc_nano.a(lib_a-sbrkr.o)
                              d:/arm_toolchain/truestudio for stm32 9.1.0/armtools/bin/../lib/gcc/arm-atollic-eabi/6.3.1/../../../../arm-atollic-eabi/lib/armv6-m\libc_nano.a(lib_a-nano-mallocr.o) (_sbrk_r)
d:/arm_toolchain/truestudio for stm32 9.1.0/armtools/bin/../lib/gcc/arm-atollic-eabi/6.3.1/../../../../arm-atollic-eabi/lib/armv6-m\libc_nano.a(lib_a-mlock.o)
                              d:/arm_toolchain/truestudio for stm32 9.1.0/armtools/bin/../lib/gcc/arm-atollic-eabi/6.3.1/../../../../arm-atollic-eabi/lib/armv6-m\libc_nano.a(lib_a-nano-freer.o) (__malloc_lock)
d:/arm_toolchain/truestudio for stm32 9.1.0/armtools/bin/../lib/gcc/arm-atollic-eabi/6.3.1/../../../../arm-atollic-eabi/lib/armv6-m\libc_nano.a(lib_a-reent.o)
                              d:/arm_toolchain/truestudio for stm32 9.1.0/armtools/bin/../lib/gcc/arm-atollic-eabi/6.3.1/../../../../arm-atollic-eabi/lib/armv6-m\libc_nano.a(lib_a-sbrkr.o) (errno)
d:/arm_toolchain/truestudio for stm32 9.1.0/armtools/bin/../lib/gcc/arm-atollic-eabi/6.3.1/armv6-m\libgcc.a(_thumb1_case_uqi.o)
                              Drivers\STM32L0xx_HAL_Driver\stm32l0xx_hal_dma.o (__gnu_thumb1_case_uqi)
d:/arm_toolchain/truestudio for stm32 9.1.0/armtools/bin/../lib/gcc/arm-atollic-eabi/6.3.1/armv6-m\libgcc.a(_udivsi3.o)
                              Drivers\STM32L0xx_HAL_Driver\stm32l0xx_hal.o (__aeabi_uidiv)
d:/arm_toolchain/truestudio for stm32 9.1.0/armtools/bin/../lib/gcc/arm-atollic-eabi/6.3.1/armv6-m\libgcc.a(_dvmd_tls.o)
                              d:/arm_toolchain/truestudio for stm32 9.1.0/armtools/bin/../lib/gcc/arm-atollic-eabi/6.3.1/armv6-m\libgcc.a(_udivsi3.o) (__aeabi_idiv0)
d:/arm_toolchain/truestudio for stm32 9.1.0/armtools/bin/../lib/gcc/arm-atollic-eabi/6.3.1/armv6-m\libgcc.a(_aeabi_uldivmod.o)
                              Drivers\STM32L0xx_HAL_Driver\stm32l0xx_hal_uart.o (__aeabi_uldivmod)
d:/arm_toolchain/truestudio for stm32 9.1.0/armtools/bin/../lib/gcc/arm-atollic-eabi/6.3.1/armv6-m\libgcc.a(_muldi3.o)
                              Src\lgs_bluetooth.o (__aeabi_lmul)
d:/arm_toolchain/truestudio for stm32 9.1.0/armtools/bin/../lib/gcc/arm-atollic-eabi/6.3.1/armv6-m\libgcc.a(_udivmoddi4.o)
[...]
Memory Configuration

Name             Origin             Length             Attributes
RAM              0x20000000         0x00002000         xrw
FLASH            0x08000000         0x00010000         xr
*default*        0x00000000         0xffffffff

Linker script and memory map

LOAD d:/arm_toolchain/truestudio for stm32 9.1.0/armtools/bin/../lib/gcc/arm-atollic-eabi/6.3.1/armv6-m/crti.o
LOAD d:/arm_toolchain/truestudio for stm32 9.1.0/armtools/bin/../lib/gcc/arm-atollic-eabi/6.3.1/armv6-m/crtbegin.o
LOAD Drivers\STM32L0xx_HAL_Driver\stm32l0xx_hal.o
LOAD Drivers\STM32L0xx_HAL_Driver\stm32l0xx_hal_cortex.o
LOAD Drivers\STM32L0xx_HAL_Driver\stm32l0xx_hal_dma.o
LOAD Drivers\STM32L0xx_HAL_Driver\stm32l0xx_hal_flash.o
LOAD Drivers\STM32L0xx_HAL_Driver\stm32l0xx_hal_flash_ex.o
LOAD Drivers\STM32L0xx_HAL_Driver\stm32l0xx_hal_flash_ramfunc.o
LOAD Drivers\STM32L0xx_HAL_Driver\stm32l0xx_hal_gpio.o
LOAD Drivers\STM32L0xx_HAL_Driver\stm32l0xx_hal_i2c.o
LOAD Drivers\STM32L0xx_HAL_Driver\stm32l0xx_hal_i2c_ex.o
LOAD Drivers\STM32L0xx_HAL_Driver\stm32l0xx_hal_pwr.o
LOAD Drivers\STM32L0xx_HAL_Driver\stm32l0xx_hal_pwr_ex.o
LOAD Drivers\STM32L0xx_HAL_Driver\stm32l0xx_hal_rcc.o
LOAD Drivers\STM32L0xx_HAL_Driver\stm32l0xx_hal_rcc_ex.o
LOAD Drivers\STM32L0xx_HAL_Driver\stm32l0xx_hal_spi.o
LOAD Drivers\STM32L0xx_HAL_Driver\stm32l0xx_hal_tim.o
LOAD Drivers\STM32L0xx_HAL_Driver\stm32l0xx_hal_tim_ex.o
LOAD Drivers\STM32L0xx_HAL_Driver\stm32l0xx_hal_uart.o
LOAD Drivers\STM32L0xx_HAL_Driver\stm32l0xx_hal_uart_ex.o
LOAD Middlewares\X-CUBE-BLE1\Wireless\Controller\bluenrg_IFR.o
LOAD Middlewares\X-CUBE-BLE1\Wireless\Controller\bluenrg_gap_aci.o
LOAD Middlewares\X-CUBE-BLE1\Wireless\Controller\bluenrg_gatt_aci.o
LOAD Middlewares\X-CUBE-BLE1\Wireless\Controller\bluenrg_hal_aci.o
LOAD Middlewares\X-CUBE-BLE1\Wireless\Controller\bluenrg_l2cap_aci.o
LOAD Middlewares\X-CUBE-BLE1\Wireless\Controller\bluenrg_updater_aci.o
LOAD Middlewares\X-CUBE-BLE1\Wireless\Controller\bluenrg_utils_small.o
LOAD Middlewares\X-CUBE-BLE1\Wireless\HCI_TL\Basic\hci_le.o
LOAD Middlewares\X-CUBE-BLE1\Wireless\HCI_TL\Basic\hci_tl.o
LOAD Middlewares\X-CUBE-BLE1\Wireless\Utils\ble_list.o
LOAD Src\hci_tl_interface.o
LOAD Src\lgs_bluetooth.o
LOAD Src\lgs_datamanagement.o
LOAD Src\main.o
LOAD Src\nucleo_l053r8_bus.o
LOAD Src\stm32l0_nucleo_l053r8.o
LOAD Src\stm32l0xx_hal_exti.o
LOAD Src\stm32l0xx_hal_msp.o
LOAD Src\stm32l0xx_it.o
LOAD Src\system_stm32l0xx.o
LOAD startup\startup_stm32l053xx.o
                0x00000080                malloc_getpagesize_P = 0x80
START GROUP
LOAD d:/arm_toolchain/truestudio for stm32 9.1.0/armtools/bin/../lib/gcc/arm-atollic-eabi/6.3.1/../../../../arm-atollic-eabi/lib/armv6-m\libc_nano.a
LOAD d:/arm_toolchain/truestudio for stm32 9.1.0/armtools/bin/../lib/gcc/arm-atollic-eabi/6.3.1/../../../../arm-atollic-eabi/lib/armv6-m\libm.a
END GROUP
START GROUP
LOAD d:/arm_toolchain/truestudio for stm32 9.1.0/armtools/bin/../lib/gcc/arm-atollic-eabi/6.3.1/armv6-m\libgcc.a
LOAD d:/arm_toolchain/truestudio for stm32 9.1.0/armtools/bin/../lib/gcc/arm-atollic-eabi/6.3.1/../../../../arm-atollic-eabi/lib/armv6-m\libc_nano.a
END GROUP
START GROUP
LOAD d:/arm_toolchain/truestudio for stm32 9.1.0/armtools/bin/../lib/gcc/arm-atollic-eabi/6.3.1/armv6-m\libgcc.a
LOAD d:/arm_toolchain/truestudio for stm32 9.1.0/armtools/bin/../lib/gcc/arm-atollic-eabi/6.3.1/../../../../arm-atollic-eabi/lib/armv6-m\libc_nano.a
LOAD d:/arm_toolchain/truestudio for stm32 9.1.0/armtools/bin/../lib/gcc/arm-atollic-eabi/6.3.1/../../../../arm-atollic-eabi/lib/armv6-m\libnosys.a
END GROUP
START GROUP
LOAD d:/arm_toolchain/truestudio for stm32 9.1.0/armtools/bin/../lib/gcc/arm-atollic-eabi/6.3.1/armv6-m\libgcc.a
LOAD d:/arm_toolchain/truestudio for stm32 9.1.0/armtools/bin/../lib/gcc/arm-atollic-eabi/6.3.1/../../../../arm-atollic-eabi/lib/armv6-m\libc_nano.a
LOAD d:/arm_toolchain/truestudio for stm32 9.1.0/armtools/bin/../lib/gcc/arm-atollic-eabi/6.3.1/../../../../arm-atollic-eabi/lib/armv6-m\libnosys.a
END GROUP
LOAD d:/arm_toolchain/truestudio for stm32 9.1.0/armtools/bin/../lib/gcc/arm-atollic-eabi/6.3.1/armv6-m/crtend.o
LOAD d:/arm_toolchain/truestudio for stm32 9.1.0/armtools/bin/../lib/gcc/arm-atollic-eabi/6.3.1/armv6-m/crtn.o
                0x20002000                _estack = 0x20002000
                0x00000200                _Min_Heap_Size = 0x200
                0x00000400                _Min_Stack_Size = 0x400

.isr_vector     0x08000000       0xc0
                0x08000000                . = ALIGN (0x4)
 *(.isr_vector)
 .isr_vector    0x08000000       0xc0 startup\startup_stm32l053xx.o
                0x08000000                g_pfnVectors
                0x080000c0                . = ALIGN (0x4)

.text           0x080000c0     0x3aa4
                0x080000c0                . = ALIGN (0x4)
 *(.text)
 .text          0x080000c0       0x48 d:/arm_toolchain/truestudio for stm32 9.1.0/armtools/bin/../lib/gcc/arm-atollic-eabi/6.3.1/armv6-m/crtbegin.o
 .text          0x08000108      0x114 d:/arm_toolchain/truestudio for stm32 9.1.0/armtools/bin/../lib/gcc/arm-atollic-eabi/6.3.1/armv6-m\libgcc.a(_udivsi3.o)
                0x08000108                __aeabi_uidiv
                0x08000108                __udivsi3
                0x08000214                __aeabi_uidivmod
 .text          0x0800021c        0x4 d:/arm_toolchain/truestudio for stm32 9.1.0/armtools/bin/../lib/gcc/arm-atollic-eabi/6.3.1/armv6-m\libgcc.a(_dvmd_tls.o)
                0x0800021c                __aeabi_idiv0
                0x0800021c                __aeabi_ldiv0
 .text          0x08000220       0x40 d:/arm_toolchain/truestudio for stm32 9.1.0/armtools/bin/../lib/gcc/arm-atollic-eabi/6.3.1/armv6-m\libgcc.a(_aeabi_uldivmod.o)
                0x08000220                __aeabi_uldivmod
 .text          0x08000260       0x54 d:/arm_toolchain/truestudio for stm32 9.1.0/armtools/bin/../lib/gcc/arm-atollic-eabi/6.3.1/armv6-m\libgcc.a(_muldi3.o)
                0x08000260                __muldi3
                0x08000260                __aeabi_lmul
 .text          0x080002b4      0x180 d:/arm_toolchain/truestudio for stm32 9.1.0/armtools/bin/../lib/gcc/arm-atollic-eabi/6.3.1/armv6-m\libgcc.a(_udivmoddi4.o)
                0x080002b4                __udivmoddi4
 .text          0x08000434       0x18 d:/arm_toolchain/truestudio for stm32 9.1.0/armtools/bin/../lib/gcc/arm-atollic-eabi/6.3.1/armv6-m\libgcc.a(_clzdi2.o)
                0x08000434                __clzdi2
 .text          0x0800044c       0x3c d:/arm_toolchain/truestudio for stm32 9.1.0/armtools/bin/../lib/gcc/arm-atollic-eabi/6.3.1/armv6-m\libgcc.a(_clzsi2.o)
                0x0800044c                __clzsi2
 *(.text*)
 .text.HAL_InitTick
                0x08000488       0x30 Drivers\STM32L0xx_HAL_Driver\stm32l0xx_hal.o
                0x08000488                HAL_InitTick
 .text.HAL_Init
                0x080004b8       0x28 Drivers\STM32L0xx_HAL_Driver\stm32l0xx_hal.o
                0x080004b8                HAL_Init
 .text.HAL_IncTick
                0x080004e0       0x10 Drivers\STM32L0xx_HAL_Driver\stm32l0xx_hal.o
                0x080004e0                HAL_IncTick
 .text.HAL_GetTick
                0x080004f0        0xc Drivers\STM32L0xx_HAL_Driver\stm32l0xx_hal.o
                0x080004f0                HAL_GetTick
 .text.HAL_Delay
                0x080004fc       0x1e Drivers\STM32L0xx_HAL_Driver\stm32l0xx_hal.o
                0x080004fc                HAL_Delay
 *fill*         0x0800051a        0x2 
 .text.HAL_NVIC_SetPriority
                0x0800051c       0x60 Drivers\STM32L0xx_HAL_Driver\stm32l0xx_hal_cortex.o
                0x0800051c                HAL_NVIC_SetPriority
 .text.HAL_NVIC_EnableIRQ
                0x0800057c       0x14 Drivers\STM32L0xx_HAL_Driver\stm32l0xx_hal_cortex.o
                0x0800057c                HAL_NVIC_EnableIRQ
 .text.HAL_SYSTICK_Config
                0x08000590       0x34 Drivers\STM32L0xx_HAL_Driver\stm32l0xx_hal_cortex.o
                0x08000590                HAL_SYSTICK_Config
 .text.FLASH_SetErrorCode
                0x080005c4       0xa8 Drivers\STM32L0xx_HAL_Driver\stm32l0xx_hal_flash.o
 .text.FLASH_WaitForLastOperation
                0x0800066c       0x74 Drivers\STM32L0xx_HAL_Driver\stm32l0xx_hal_flash.o
                0x0800066c                FLASH_WaitForLastOperation
 .text.HAL_FLASHEx_DATAEEPROM_Unlock
                0x080006e0       0x34 Drivers\STM32L0xx_HAL_Driver\stm32l0xx_hal_flash_ex.o
                0x080006e0                HAL_FLASHEx_DATAEEPROM_Unlock
 .text.HAL_FLASHEx_DATAEEPROM_Lock
                0x08000714       0x18 Drivers\STM32L0xx_HAL_Driver\stm32l0xx_hal_flash_ex.o
                0x08000714                HAL_FLASHEx_DATAEEPROM_Lock
 .text.HAL_FLASHEx_DATAEEPROM_Erase
                0x0800072c       0x40 Drivers\STM32L0xx_HAL_Driver\stm32l0xx_hal_flash_ex.o
                0x0800072c                HAL_FLASHEx_DATAEEPROM_Erase
 .text.HAL_FLASHEx_DATAEEPROM_Program
                0x0800076c       0x54 Drivers\STM32L0xx_HAL_Driver\stm32l0xx_hal_flash_ex.o
                0x0800076c                HAL_FLASHEx_DATAEEPROM_Program
 .text.HAL_FLASHEx_DATAEEPROM_EnableFixedTimeProgram
                0x080007c0       0x14 Drivers\STM32L0xx_HAL_Driver\stm32l0xx_hal_flash_ex.o
                0x080007c0                HAL_FLASHEx_DATAEEPROM_EnableFixedTimeProgram
 .text.HAL_GPIO_Init
                0x080007d4      0x16c Drivers\STM32L0xx_HAL_Driver\stm32l0xx_hal_gpio.o
                0x080007d4                HAL_GPIO_Init
 .text.HAL_GPIO_DeInit
                0x08000940       0xf8 Drivers\STM32L0xx_HAL_Driver\stm32l0xx_hal_gpio.o
                0x08000940                HAL_GPIO_DeInit
 .text.HAL_GPIO_ReadPin
                0x08000a38        0xc Drivers\STM32L0xx_HAL_Driver\stm32l0xx_hal_gpio.o
                0x08000a38                HAL_GPIO_ReadPin
 .text.HAL_GPIO_WritePin
                0x08000a44        0xc Drivers\STM32L0xx_HAL_Driver\stm32l0xx_hal_gpio.o
                0x08000a44                HAL_GPIO_WritePin
 .text.HAL_GPIO_TogglePin
                0x08000a50        0x8 Drivers\STM32L0xx_HAL_Driver\stm32l0xx_hal_gpio.o
                0x08000a50                HAL_GPIO_TogglePin
 .text.HAL_RCC_GetSysClockFreq
                0x08000a58       0x78 Drivers\STM32L0xx_HAL_Driver\stm32l0xx_hal_rcc.o
                0x08000a58                HAL_RCC_GetSysClockFreq
 .text.HAL_RCC_OscConfig
                0x08000ad0      0x500 Drivers\STM32L0xx_HAL_Driver\stm32l0xx_hal_rcc.o
                0x08000ad0                HAL_RCC_OscConfig
 .text.HAL_RCC_ClockConfig
                0x08000fd0      0x170 Drivers\STM32L0xx_HAL_Driver\stm32l0xx_hal_rcc.o
                0x08000fd0                HAL_RCC_ClockConfig
 .text.HAL_RCCEx_PeriphCLKConfig
                0x08001140      0x1bc Drivers\STM32L0xx_HAL_Driver\stm32l0xx_hal_rcc_ex.o
                0x08001140                HAL_RCCEx_PeriphCLKConfig
 .text.SPI_WaitFlagStateUntilTimeout.constprop.6
                0x080012fc       0x7c Drivers\STM32L0xx_HAL_Driver\stm32l0xx_hal_spi.o
 .text.SPI_EndRxTxTransaction
                0x08001378       0x18 Drivers\STM32L0xx_HAL_Driver\stm32l0xx_hal_spi.o
 .text.HAL_SPI_MspInit
                0x08001390        0x2 Drivers\STM32L0xx_HAL_Driver\stm32l0xx_hal_spi.o
                0x08001390                HAL_SPI_MspInit
 *fill*         0x08001392        0x2 
 .text.HAL_SPI_Init
                0x08001394       0x80 Drivers\STM32L0xx_HAL_Driver\stm32l0xx_hal_spi.o
                0x08001394                HAL_SPI_Init
 .text.HAL_SPI_TransmitReceive
                0x08001414      0x1ec Drivers\STM32L0xx_HAL_Driver\stm32l0xx_hal_spi.o
                0x08001414                HAL_SPI_TransmitReceive
 .text.HAL_SPI_GetState
                0x08001600        0x8 Drivers\STM32L0xx_HAL_Driver\stm32l0xx_hal_spi.o
                0x08001600                HAL_SPI_GetState
 .text.aci_gap_init_IDB05A1
                0x08001608       0x70 Middlewares\X-CUBE-BLE1\Wireless\Controller\bluenrg_gap_aci.o
                0x08001608                aci_gap_init_IDB05A1
 .text.aci_gap_set_discoverable
                0x08001678       0xce Middlewares\X-CUBE-BLE1\Wireless\Controller\bluenrg_gap_aci.o
                0x08001678                aci_gap_set_discoverable
 .text.aci_gap_set_auth_requirement
                0x08001746       0x92 Middlewares\X-CUBE-BLE1\Wireless\Controller\bluenrg_gap_aci.o
                0x08001746                aci_gap_set_auth_requirement
 .text.aci_gap_update_adv_data
                0x080017d8       0x56 Middlewares\X-CUBE-BLE1\Wireless\Controller\bluenrg_gap_aci.o
                0x080017d8                aci_gap_update_adv_data
 .text.aci_gatt_init
                0x0800182e       0x3a Middlewares\X-CUBE-BLE1\Wireless\Controller\bluenrg_gatt_aci.o
                0x0800182e                aci_gatt_init
 .text.aci_gatt_add_serv
                0x08001868       0x76 Middlewares\X-CUBE-BLE1\Wireless\Controller\bluenrg_gatt_aci.o
                0x08001868                aci_gatt_add_serv
 .text.aci_gatt_add_char
                0x080018de       0xb8 Middlewares\X-CUBE-BLE1\Wireless\Controller\bluenrg_gatt_aci.o
                0x080018de                aci_gatt_add_char
 .text.aci_gatt_update_char_value
                0x08001996       0x5e Middlewares\X-CUBE-BLE1\Wireless\Controller\bluenrg_gatt_aci.o
                0x08001996                aci_gatt_update_char_value
 .text.aci_gatt_write_response
                0x080019f4       0x62 Middlewares\X-CUBE-BLE1\Wireless\Controller\bluenrg_gatt_aci.o
                0x080019f4                aci_gatt_write_response
 .text.aci_gatt_allow_read
                0x08001a56       0x46 Middlewares\X-CUBE-BLE1\Wireless\Controller\bluenrg_gatt_aci.o
                0x08001a56                aci_gatt_allow_read
 .text.aci_hal_write_config_data
                0x08001a9c       0x5a Middlewares\X-CUBE-BLE1\Wireless\Controller\bluenrg_hal_aci.o
                0x08001a9c                aci_hal_write_config_data
 .text.aci_hal_set_tx_power_level
                0x08001af6       0x44 Middlewares\X-CUBE-BLE1\Wireless\Controller\bluenrg_hal_aci.o
                0x08001af6                aci_hal_set_tx_power_level
 .text.getBlueNRGVersion
                0x08001b3a       0x42 Middlewares\X-CUBE-BLE1\Wireless\Controller\bluenrg_utils_small.o
                0x08001b3a                getBlueNRGVersion
 .text.hci_reset
                0x08001b7c       0x36 Middlewares\X-CUBE-BLE1\Wireless\HCI_TL\Basic\hci_le.o
                0x08001b7c                hci_reset
 .text.hci_le_read_local_version
                0x08001bb2       0x70 Middlewares\X-CUBE-BLE1\Wireless\HCI_TL\Basic\hci_le.o
                0x08001bb2                hci_le_read_local_version
 .text.hci_le_set_scan_resp_data
                0x08001c22       0x64 Middlewares\X-CUBE-BLE1\Wireless\HCI_TL\Basic\hci_le.o
                0x08001c22                hci_le_set_scan_resp_data
 *fill*         0x08001c86        0x2 
 .text.move_list.constprop.0
                0x08001c88       0x28 Middlewares\X-CUBE-BLE1\Wireless\HCI_TL\Basic\hci_tl.o
 .text.hci_init
                0x08001cb0       0x58 Middlewares\X-CUBE-BLE1\Wireless\HCI_TL\Basic\hci_tl.o
                0x08001cb0                hci_init
 .text.hci_register_io_bus
                0x08001d08       0x1c Middlewares\X-CUBE-BLE1\Wireless\HCI_TL\Basic\hci_tl.o
                0x08001d08                hci_register_io_bus
 .text.hci_send_req
                0x08001d24      0x19c Middlewares\X-CUBE-BLE1\Wireless\HCI_TL\Basic\hci_tl.o
                0x08001d24                hci_send_req
 .text.hci_user_evt_proc
                0x08001ec0       0x40 Middlewares\X-CUBE-BLE1\Wireless\HCI_TL\Basic\hci_tl.o
                0x08001ec0                hci_user_evt_proc
 .text.hci_notify_asynch_evt
                0x08001f00       0x64 Middlewares\X-CUBE-BLE1\Wireless\HCI_TL\Basic\hci_tl.o
                0x08001f00                hci_notify_asynch_evt
 .text.list_init_head
                0x08001f64        0x6 Middlewares\X-CUBE-BLE1\Wireless\Utils\ble_list.o
                0x08001f64                list_init_head
 .text.list_is_empty
                0x08001f6a       0x16 Middlewares\X-CUBE-BLE1\Wireless\Utils\ble_list.o
                0x08001f6a                list_is_empty
 .text.list_insert_head
                0x08001f80       0x18 Middlewares\X-CUBE-BLE1\Wireless\Utils\ble_list.o
                0x08001f80                list_insert_head
 .text.list_insert_tail
                0x08001f98       0x18 Middlewares\X-CUBE-BLE1\Wireless\Utils\ble_list.o
                0x08001f98                list_insert_tail
 .text.list_remove_node
                0x08001fb0       0x16 Middlewares\X-CUBE-BLE1\Wireless\Utils\ble_list.o
                0x08001fb0                list_remove_node
 .text.list_remove_head
                0x08001fc6       0x24 Middlewares\X-CUBE-BLE1\Wireless\Utils\ble_list.o
                0x08001fc6                list_remove_head
 .text.list_remove_tail
                0x08001fea       0x24 Middlewares\X-CUBE-BLE1\Wireless\Utils\ble_list.o
                0x08001fea                list_remove_tail
 .text.list_get_size
                0x0800200e       0x1c Middlewares\X-CUBE-BLE1\Wireless\Utils\ble_list.o
                0x0800200e                list_get_size
 *fill*         0x0800202a        0x2 
 .text.HCI_TL_SPI_Init
                0x0800202c       0x64 Src\hci_tl_interface.o
                0x0800202c                HCI_TL_SPI_Init
 .text.HCI_TL_SPI_DeInit
                0x08002090       0x24 Src\hci_tl_interface.o
                0x08002090                HCI_TL_SPI_DeInit
 .text.HCI_TL_SPI_Reset
                0x080020b4       0x2e Src\hci_tl_interface.o
                0x080020b4                HCI_TL_SPI_Reset
 .text.HCI_TL_SPI_Receive
                0x080020e2       0x86 Src\hci_tl_interface.o
                0x080020e2                HCI_TL_SPI_Receive
 .text.HCI_TL_SPI_Send
                0x08002168       0x88 Src\hci_tl_interface.o
                0x08002168                HCI_TL_SPI_Send
 .text.hci_tl_lowlevel_isr
                0x080021f0       0x1c Src\hci_tl_interface.o
                0x080021f0                hci_tl_lowlevel_isr
 .text.hci_tl_lowlevel_init
                0x0800220c       0x6c Src\hci_tl_interface.o
                0x0800220c                hci_tl_lowlevel_init
 .text.Read_Request_CB.part.3
                0x08002278       0xb0 Src\lgs_bluetooth.o
 .text.LGS_SetAddress
                0x08002328       0x2a Src\lgs_bluetooth.o
                0x08002328                LGS_SetAddress
 *fill*         0x08002352        0x2 
 .text.LGS_GenerateRandomData
                0x08002354       0xb0 Src\lgs_bluetooth.o
                0x08002354                LGS_GenerateRandomData
 .text.LGS_UpdateStackData
                0x08002404       0xa8 Src\lgs_bluetooth.o
                0x08002404                LGS_UpdateStackData
 .text.LGS_BLE_UpdateDefaultSettings
                0x080024ac       0xa0 Src\lgs_bluetooth.o
                0x080024ac                LGS_BLE_UpdateDefaultSettings
 .text.LGS_SetDiscoverableMode
                0x0800254c       0xa4 Src\lgs_bluetooth.o
                0x0800254c                LGS_SetDiscoverableMode
 .text.LGS_AddServices
                0x080025f0      0x79c Src\lgs_bluetooth.o
                0x080025f0                LGS_AddServices
 .text.LGS_BLE_Init
                0x08002d8c       0xd8 Src\lgs_bluetooth.o
                0x08002d8c                LGS_BLE_Init
 .text.LGS_BLE_IndicateReadProcessReady
                0x08002e64       0x50 Src\lgs_bluetooth.o
                0x08002e64                LGS_BLE_IndicateReadProcessReady
 .text.LGS_Process
                0x08002eb4       0xb4 Src\lgs_bluetooth.o
                0x08002eb4                LGS_Process
 .text.LGS_BLE_Process
                0x08002f68        0xc Src\lgs_bluetooth.o
                0x08002f68                LGS_BLE_Process
 .text.GAP_DisconnectionComplete_CB
                0x08002f74       0x20 Src\lgs_bluetooth.o
                0x08002f74                GAP_DisconnectionComplete_CB
 .text.Read_Request_CB
                0x08002f94       0x14 Src\lgs_bluetooth.o
                0x08002f94                Read_Request_CB
 .text.Write_Request_CB
                0x08002fa8      0x114 Src\lgs_bluetooth.o
                0x08002fa8                Write_Request_CB
 .text.LGS_UserNotify
                0x080030bc       0x7c Src\lgs_bluetooth.o
                0x080030bc                LGS_UserNotify
 .text.LGS_READ_CriticLevels
                0x08003138       0x3c Src\lgs_datamanagement.o
                0x08003138                LGS_READ_CriticLevels
 .text.LGS_READ_SAVEINTERVAL
                0x08003174       0x28 Src\lgs_datamanagement.o
                0x08003174                LGS_READ_SAVEINTERVAL
 .text.LGS_DATAMANAGEMENT_ISPROCESSACTIVE
                0x0800319c        0xc Src\lgs_datamanagement.o
                0x0800319c                LGS_DATAMANAGEMENT_ISPROCESSACTIVE
 .text.LGS_DATAMANAGEMENT_StartReadProcess
                0x080031a8       0x2c Src\lgs_datamanagement.o
                0x080031a8                LGS_DATAMANAGEMENT_StartReadProcess
 .text.LGS_DATAMANAGEMENT_ReadProcessFinished
                0x080031d4        0xc Src\lgs_datamanagement.o
                0x080031d4                LGS_DATAMANAGEMENT_ReadProcessFinished
 .text.readDataUint32
                0x080031e0       0x1c Src\lgs_datamanagement.o
                0x080031e0                readDataUint32
 .text.LGS_DATAMANAGEMENT_ReadNextDataElement
                0x080031fc       0x68 Src\lgs_datamanagement.o
                0x080031fc                LGS_DATAMANAGEMENT_ReadNextDataElement
 .text.writeDataUint8
                0x08003264       0x2c Src\lgs_datamanagement.o
                0x08003264                writeDataUint8
 .text.writeDataUint16
                0x08003290       0x30 Src\lgs_datamanagement.o
                0x08003290                writeDataUint16
 .text.LGS_DATAMANAGEMENT_ClearData
                0x080032c0       0x38 Src\lgs_datamanagement.o
                0x080032c0                LGS_DATAMANAGEMENT_ClearData
 .text.LGS_SAVE_CriticLevels
                0x080032f8       0x34 Src\lgs_datamanagement.o
                0x080032f8                LGS_SAVE_CriticLevels
 .text.writeDataUint32
                0x0800332c       0x30 Src\lgs_datamanagement.o
                0x0800332c                writeDataUint32
 .text.LGS_WRITE_SAVEINTERVAL
                0x0800335c       0x24 Src\lgs_datamanagement.o
                0x0800335c                LGS_WRITE_SAVEINTERVAL
 .text.WriteNewDataElement
                0x08003380       0x64 Src\lgs_datamanagement.o
                0x08003380                WriteNewDataElement
 .text.LGS_DATAMANAGEMENT_Process
                0x080033e4       0x68 Src\lgs_datamanagement.o
                0x080033e4                LGS_DATAMANAGEMENT_Process
 .text.LGS_DATAMANAGEMENT_Init
                0x0800344c       0xa0 Src\lgs_datamanagement.o
                0x0800344c                LGS_DATAMANAGEMENT_Init
 .text.checkOutputActiveFlag
                0x080034ec       0x4c Src\main.o
                0x080034ec                checkOutputActiveFlag
 .text.SystemClock_Config
                0x08003538       0x78 Src\main.o
                0x08003538                SystemClock_Config
 .text.startup.main
                0x080035b0       0xe8 Src\main.o
                0x080035b0                main
 .text.BSP_SPI1_SendRecv
                0x08003698       0x28 Src\nucleo_l053r8_bus.o
                0x08003698                BSP_SPI1_SendRecv
 .text.BSP_GetTick
                0x080036c0        0x8 Src\nucleo_l053r8_bus.o
                0x080036c0                BSP_GetTick
 .text.MX_SPI1_Init
                0x080036c8       0x38 Src\nucleo_l053r8_bus.o
                0x080036c8                MX_SPI1_Init
 .text.BSP_SPI1_Init
                0x08003700       0x74 Src\nucleo_l053r8_bus.o
                0x08003700                BSP_SPI1_Init
 .text.BSP_LED_Init
                0x08003774       0x44 Src\stm32l0_nucleo_l053r8.o
                0x08003774                BSP_LED_Init
 .text.BSP_LED_Toggle
                0x080037b8       0x10 Src\stm32l0_nucleo_l053r8.o
                0x080037b8                BSP_LED_Toggle
 .text.HAL_EXTI_RegisterCallback
                0x080037c8        0xe Src\stm32l0xx_hal_exti.o
                0x080037c8                HAL_EXTI_RegisterCallback
 .text.HAL_EXTI_GetHandle
                0x080037d6        0xe Src\stm32l0xx_hal_exti.o
                0x080037d6                HAL_EXTI_GetHandle
 .text.HAL_EXTI_IRQHandler
                0x080037e4       0x24 Src\stm32l0xx_hal_exti.o
                0x080037e4                HAL_EXTI_IRQHandler
 .text.HAL_MspInit
                0x08003808       0x1c Src\stm32l0xx_hal_msp.o
                0x08003808                HAL_MspInit
 .text.NMI_Handler
                0x08003824        0x2 Src\stm32l0xx_it.o
                0x08003824                NMI_Handler
 .text.HardFault_Handler
                0x08003826        0x2 Src\stm32l0xx_it.o
                0x08003826                HardFault_Handler
 .text.SVC_Handler
                0x08003828        0x2 Src\stm32l0xx_it.o
                0x08003828                SVC_Handler
 .text.PendSV_Handler
                0x0800382a        0x2 Src\stm32l0xx_it.o
                0x0800382a                PendSV_Handler
 .text.SysTick_Handler
                0x0800382c        0x8 Src\stm32l0xx_it.o
                0x0800382c                SysTick_Handler
 .text.EXTI0_1_IRQHandler
                0x08003834       0x10 Src\stm32l0xx_it.o
                0x08003834                EXTI0_1_IRQHandler
 .text.SystemInit
                0x08003844       0x5c Src\system_stm32l0xx.o
                0x08003844                SystemInit
 .text.Reset_Handler
                0x080038a0       0x50 startup\startup_stm32l053xx.o
                0x080038a0                Reset_Handler
 .text.Default_Handler
                0x080038f0        0x2 startup\startup_stm32l053xx.o
                0x080038f0                TSC_IRQHandler
                0x080038f0                ADC1_COMP_IRQHandler
                0x080038f0                PVD_IRQHandler
                0x080038f0                I2C1_IRQHandler
                0x080038f0                RCC_CRS_IRQHandler
                0x080038f0                SPI1_IRQHandler
                0x080038f0                TIM6_DAC_IRQHandler
                0x080038f0                EXTI2_3_IRQHandler
                0x080038f0                I2C2_IRQHandler
                0x080038f0                RTC_IRQHandler
                0x080038f0                LCD_IRQHandler
                0x080038f0                DMA1_Channel4_5_6_7_IRQHandler
                0x080038f0                EXTI4_15_IRQHandler
                0x080038f0                DMA1_Channel1_IRQHandler
                0x080038f0                Default_Handler
                0x080038f0                TIM22_IRQHandler
                0x080038f0                USB_IRQHandler
                0x080038f0                SPI2_IRQHandler
                0x080038f0                TIM21_IRQHandler
                0x080038f0                WWDG_IRQHandler
                0x080038f0                TIM2_IRQHandler
                0x080038f0                DMA1_Channel2_3_IRQHandler
                0x080038f0                USART2_IRQHandler
                0x080038f0                FLASH_IRQHandler
                0x080038f0                USART1_IRQHandler
                0x080038f0                RNG_LPUART1_IRQHandler
                0x080038f0                LPTIM1_IRQHandler
 *fill*         0x080038f2        0x2 
 .text.__libc_init_array
                0x080038f4       0x48 d:/arm_toolchain/truestudio for stm32 9.1.0/armtools/bin/../lib/gcc/arm-atollic-eabi/6.3.1/../../../../arm-atollic-eabi/lib/armv6-m\libc_nano.a(lib_a-init.o)
                0x080038f4                __libc_init_array
 .text.memcpy   0x0800393c       0x12 d:/arm_toolchain/truestudio for stm32 9.1.0/armtools/bin/../lib/gcc/arm-atollic-eabi/6.3.1/../../../../arm-atollic-eabi/lib/armv6-m\libc_nano.a(lib_a-memcpy-stub.o)
                0x0800393c                memcpy
 .text.memset   0x0800394e       0x10 d:/arm_toolchain/truestudio for stm32 9.1.0/armtools/bin/../lib/gcc/arm-atollic-eabi/6.3.1/../../../../arm-atollic-eabi/lib/armv6-m\libc_nano.a(lib_a-memset.o)
                0x0800394e                memset
 *fill*         0x0800395e        0x2 
 .text.srand    0x08003960       0x5c d:/arm_toolchain/truestudio for stm32 9.1.0/armtools/bin/../lib/gcc/arm-atollic-eabi/6.3.1/../../../../arm-atollic-eabi/lib/armv6-m\libc_nano.a(lib_a-rand.o)
                0x08003960                srand
 .text.rand     0x080039bc       0x78 d:/arm_toolchain/truestudio for stm32 9.1.0/armtools/bin/../lib/gcc/arm-atollic-eabi/6.3.1/../../../../arm-atollic-eabi/lib/armv6-m\libc_nano.a(lib_a-rand.o)
                0x080039bc                rand
 .text.malloc   0x08003a34       0x14 d:/arm_toolchain/truestudio for stm32 9.1.0/armtools/bin/../lib/gcc/arm-atollic-eabi/6.3.1/../../../../arm-atollic-eabi/lib/armv6-m\libc_nano.a(lib_a-malloc.o)
                0x08003a34                malloc
 .text._malloc_r
                0x08003a48       0xbc d:/arm_toolchain/truestudio for stm32 9.1.0/armtools/bin/../lib/gcc/arm-atollic-eabi/6.3.1/../../../../arm-atollic-eabi/lib/armv6-m\libc_nano.a(lib_a-nano-mallocr.o)
                0x08003a48                _malloc_r
 .text._sbrk_r  0x08003b04       0x24 d:/arm_toolchain/truestudio for stm32 9.1.0/armtools/bin/../lib/gcc/arm-atollic-eabi/6.3.1/../../../../arm-atollic-eabi/lib/armv6-m\libc_nano.a(lib_a-sbrkr.o)
                0x08003b04                _sbrk_r
 .text.__malloc_lock
                0x08003b28        0x2 d:/arm_toolchain/truestudio for stm32 9.1.0/armtools/bin/../lib/gcc/arm-atollic-eabi/6.3.1/../../../../arm-atollic-eabi/lib/armv6-m\libc_nano.a(lib_a-mlock.o)
                0x08003b28                __malloc_lock
 .text.__malloc_unlock
                0x08003b2a        0x2 d:/arm_toolchain/truestudio for stm32 9.1.0/armtools/bin/../lib/gcc/arm-atollic-eabi/6.3.1/../../../../arm-atollic-eabi/lib/armv6-m\libc_nano.a(lib_a-mlock.o)
                0x08003b2a                __malloc_unlock
 .text._sbrk    0x08003b2c       0x20 d:/arm_toolchain/truestudio for stm32 9.1.0/armtools/bin/../lib/gcc/arm-atollic-eabi/6.3.1/../../../../arm-atollic-eabi/lib/armv6-m\libnosys.a(sbrk.o)
                0x08003b2c                _sbrk
 *(.glue_7)
 .glue_7        0x08003b4c        0x0 linker stubs
 *(.glue_7t)
 .glue_7t       0x08003b4c        0x0 linker stubs
 *(.eh_frame)
 .eh_frame      0x08003b4c        0x0 d:/arm_toolchain/truestudio for stm32 9.1.0/armtools/bin/../lib/gcc/arm-atollic-eabi/6.3.1/armv6-m/crtbegin.o
 *(.init)
 .init          0x08003b4c        0x4 d:/arm_toolchain/truestudio for stm32 9.1.0/armtools/bin/../lib/gcc/arm-atollic-eabi/6.3.1/armv6-m/crti.o
                0x08003b4c                _init
 .init          0x08003b50        0x8 d:/arm_toolchain/truestudio for stm32 9.1.0/armtools/bin/../lib/gcc/arm-atollic-eabi/6.3.1/armv6-m/crtn.o
 *(.fini)
 .fini          0x08003b58        0x4 d:/arm_toolchain/truestudio for stm32 9.1.0/armtools/bin/../lib/gcc/arm-atollic-eabi/6.3.1/armv6-m/crti.o
                0x08003b58                _fini
 .fini          0x08003b5c        0x8 d:/arm_toolchain/truestudio for stm32 9.1.0/armtools/bin/../lib/gcc/arm-atollic-eabi/6.3.1/armv6-m/crtn.o
                0x08003b64                . = ALIGN (0x4)
                0x08003b64                _etext = .

.vfp11_veneer   0x08003b64        0x0
 .vfp11_veneer  0x08003b64        0x0 linker stubs

.v4_bx          0x08003b64        0x0
 .v4_bx         0x08003b64        0x0 linker stubs

.iplt           0x08003b64        0x0
 .iplt          0x08003b64        0x0 d:/arm_toolchain/truestudio for stm32 9.1.0/armtools/bin/../lib/gcc/arm-atollic-eabi/6.3.1/armv6-m/crtbegin.o

.rodata         0x08003b64       0x28
                0x08003b64                . = ALIGN (0x4)
 *(.rodata)
 .rodata        0x08003b64        0xa Src\lgs_bluetooth.o
 *(.rodata*)
 .rodata.LGS_BLE_Init.str1.1
                0x08003b6e        0x4 Src\lgs_bluetooth.o
 .rodata.AHBPrescTable
                0x08003b72       0x10 Src\system_stm32l0xx.o
                0x08003b72                AHBPrescTable
 .rodata.PLLMulTable
                0x08003b82        0x9 Src\system_stm32l0xx.o
                0x08003b82                PLLMulTable
                0x08003b8c                . = ALIGN (0x4)
 *fill*         0x08003b8b        0x1 

.ARM.extab
 *(.ARM.extab* .gnu.linkonce.armextab.*)

.ARM            0x08003b8c        0x8
                0x08003b8c                __exidx_start = .
 *(.ARM.exidx*)
 .ARM.exidx     0x08003b8c        0x8 d:/arm_toolchain/truestudio for stm32 9.1.0/armtools/bin/../lib/gcc/arm-atollic-eabi/6.3.1/armv6-m\libgcc.a(_udivmoddi4.o)
                0x08003b94                __exidx_end = .

.rel.dyn        0x08003b94        0x0
 .rel.iplt      0x08003b94        0x0 d:/arm_toolchain/truestudio for stm32 9.1.0/armtools/bin/../lib/gcc/arm-atollic-eabi/6.3.1/armv6-m/crtbegin.o

.preinit_array  0x08003b94        0x0
                0x08003b94                PROVIDE (__preinit_array_start, .)
 *(.preinit_array*)
                0x08003b94                PROVIDE (__preinit_array_end, .)

.init_array     0x08003b94        0x4
                0x08003b94                PROVIDE (__init_array_start, .)
 *(SORT(.init_array.*))
 *(.init_array*)
 .init_array    0x08003b94        0x4 d:/arm_toolchain/truestudio for stm32 9.1.0/armtools/bin/../lib/gcc/arm-atollic-eabi/6.3.1/armv6-m/crtbegin.o
                0x08003b98                PROVIDE (__init_array_end, .)

.fini_array     0x08003b98        0x4
                [!provide]                PROVIDE (__fini_array_start, .)
 *(SORT(.fini_array.*))
 *(.fini_array*)
 .fini_array    0x08003b98        0x4 d:/arm_toolchain/truestudio for stm32 9.1.0/armtools/bin/../lib/gcc/arm-atollic-eabi/6.3.1/armv6-m/crtbegin.o
                [!provide]                PROVIDE (__fini_array_end, .)
                0x08003b9c                _sidata = LOADADDR (.data)

.data           0x20000000       0x70 load address 0x08003b9c
                0x20000000                . = ALIGN (0x4)
                0x20000000                _sdata = .
 *(.data)
 *(.data*)
 .data.set_connectable
                0x20000000        0x1 Src\lgs_bluetooth.o
                0x20000000                set_connectable
 *fill*         0x20000001        0x3 
 .data.m_saveInterval
                0x20000004        0x4 Src\lgs_datamanagement.o
                0x20000004                m_saveInterval
 .data.SystemCoreClock
                0x20000008        0x4 Src\system_stm32l0xx.o
                0x20000008                SystemCoreClock
 .data._impure_ptr
                0x2000000c        0x4 d:/arm_toolchain/truestudio for stm32 9.1.0/armtools/bin/../lib/gcc/arm-atollic-eabi/6.3.1/../../../../arm-atollic-eabi/lib/armv6-m\libc_nano.a(lib_a-impure.o)
                0x2000000c                _impure_ptr
 .data.impure_data
                0x20000010       0x60 d:/arm_toolchain/truestudio for stm32 9.1.0/armtools/bin/../lib/gcc/arm-atollic-eabi/6.3.1/../../../../arm-atollic-eabi/lib/armv6-m\libc_nano.a(lib_a-impure.o)
                0x20000070                . = ALIGN (0x4)
                0x20000070                _edata = .

.igot.plt       0x20000070        0x0 load address 0x08003c0c
 .igot.plt      0x20000070        0x0 d:/arm_toolchain/truestudio for stm32 9.1.0/armtools/bin/../lib/gcc/arm-atollic-eabi/6.3.1/armv6-m/crtbegin.o
                0x20000070                . = ALIGN (0x4)

.bss            0x20000070      0x544 load address 0x08003c0c
                0x20000070                _sbss = .
                0x20000070                __bss_start__ = _sbss
 *(.bss)
 .bss           0x20000070       0x1c d:/arm_toolchain/truestudio for stm32 9.1.0/armtools/bin/../lib/gcc/arm-atollic-eabi/6.3.1/armv6-m/crtbegin.o
 *(.bss*)
 .bss.hciContext
                0x2000008c       0x20 Middlewares\X-CUBE-BLE1\Wireless\HCI_TL\Basic\hci_tl.o
 .bss.hciReadPacketBuffer
                0x200000ac      0x2bc Middlewares\X-CUBE-BLE1\Wireless\HCI_TL\Basic\hci_tl.o
 .bss.read_char_buf.6351
                0x20000368       0xff Src\hci_tl_interface.o
 *fill*         0x20000467        0x1 
 .bss.connection_handle
                0x20000468        0x2 Src\lgs_bluetooth.o
                0x20000468                connection_handle
 *fill*         0x2000046a        0x2 
 .bss.m_fsmTickSendIndicateReady
                0x2000046c        0x4 Src\lgs_bluetooth.o
                0x2000046c                m_fsmTickSendIndicateReady
 .bss.m_fsmTimeoutTick
                0x20000470        0x4 Src\lgs_bluetooth.o
                0x20000470                m_fsmTimeoutTick
 .bss.m_requestedDataType
                0x20000474        0x1 Src\lgs_bluetooth.o
                0x20000474                m_requestedDataType
 *fill*         0x20000475        0x3 
 .bss.m_startTicks
                0x20000478        0x4 Src\lgs_bluetooth.o
                0x20000478                m_startTicks
 .bss.notification_enabled
                0x2000047c        0x1 Src\lgs_bluetooth.o
                0x2000047c                notification_enabled
 *fill*         0x2000047d        0x3 
 .bss.m_startTicksSaveData
                0x20000480        0x4 Src\lgs_datamanagement.o
                0x20000480                m_startTicksSaveData
 .bss.__malloc_free_list
                0x20000484        0x4 d:/arm_toolchain/truestudio for stm32 9.1.0/armtools/bin/../lib/gcc/arm-atollic-eabi/6.3.1/../../../../arm-atollic-eabi/lib/armv6-m\libc_nano.a(lib_a-nano-mallocr.o)
                0x20000484                __malloc_free_list
 .bss.__malloc_sbrk_start
                0x20000488        0x4 d:/arm_toolchain/truestudio for stm32 9.1.0/armtools/bin/../lib/gcc/arm-atollic-eabi/6.3.1/../../../../arm-atollic-eabi/lib/armv6-m\libc_nano.a(lib_a-nano-mallocr.o)
                0x20000488                __malloc_sbrk_start
 .bss.heap_end.4116
                0x2000048c        0x4 d:/arm_toolchain/truestudio for stm32 9.1.0/armtools/bin/../lib/gcc/arm-atollic-eabi/6.3.1/../../../../arm-atollic-eabi/lib/armv6-m\libnosys.a(sbrk.o)
 *(COMMON)
 COMMON         0x20000490        0x4 Drivers\STM32L0xx_HAL_Driver\stm32l0xx_hal.o
                0x20000490                uwTick
 COMMON         0x20000494       0x18 Drivers\STM32L0xx_HAL_Driver\stm32l0xx_hal_flash.o
                0x20000494                pFlash
 COMMON         0x200004ac       0x10 Middlewares\X-CUBE-BLE1\Wireless\HCI_TL\Basic\hci_tl.o
                0x200004ac                hciReadPktPool
                0x200004b4                hciReadPktRxQueue
 COMMON         0x200004bc        0x8 Src\hci_tl_interface.o
                0x200004bc                hexti0
 COMMON         0x200004c4       0x76 Src\lgs_bluetooth.o
                0x200004c4                bdaddr
                0x200004ca                char_uuid
                0x200004dc                connected
                0x200004e0                m_indicatePaket
                0x200004e4                m_environmentData
                0x200004fe                service_uuid
                0x2000050e                m_serviceHandles
 *fill*         0x2000053a        0x2 
 COMMON         0x2000053c       0x1b Src\lgs_datamanagement.o
                0x2000053c                m_currentDataElementPosition
                0x2000053e                m_dataElementToWrite
                0x20000548                dataJoinUnion
                0x2000054c                m_currentDataElementPositionReadProcess
                0x2000054e                m_dataElement
                0x20000556                m_readProcessActive
 *fill*         0x20000557        0x1 
 COMMON         0x20000558       0x58 Src\nucleo_l053r8_bus.o
                0x20000558                hspi1
 COMMON         0x200005b0        0x4 d:/arm_toolchain/truestudio for stm32 9.1.0/armtools/bin/../lib/gcc/arm-atollic-eabi/6.3.1/../../../../arm-atollic-eabi/lib/armv6-m\libc_nano.a(lib_a-reent.o)
                0x200005b0                errno
                0x200005b4                . = ALIGN (0x4)
                0x200005b4                _ebss = .
                0x200005b4                __bss_end__ = _ebss

._user_heap_stack
                0x200005b4      0x600 load address 0x08003c0c
                0x200005b4                . = ALIGN (0x4)
                0x200005b4                PROVIDE (end, .)
                [!provide]                PROVIDE (_end, .)
                0x200007b4                . = (. + _Min_Heap_Size)
 *fill*         0x200005b4      0x200 
                0x20000bb4                . = (. + _Min_Stack_Size)
 *fill*         0x200007b4      0x400 
                0x20000bb4                . = ALIGN (0x4)

/DISCARD/
 libc.a(*)
 libm.a(*)
 libgcc.a(*)

.ARM.attributes
                0x00000000       0x28
 *(.ARM.attributes)
 .ARM.attributes
                0x00000000       0x1e d:/arm_toolchain/truestudio for stm32 9.1.0/armtools/bin/../lib/gcc/arm-atollic-eabi/6.3.1/armv6-m/crti.o
 .ARM.attributes
                0x0000001e       0x2c d:/arm_toolchain/truestudio for stm32 9.1.0/armtools/bin/../lib/gcc/arm-atollic-eabi/6.3.1/armv6-m/crtbegin.o
 .ARM.attributes
                0x0000004a       0x32 Drivers\STM32L0xx_HAL_Driver\stm32l0xx_hal.o
 .ARM.attributes
                0x0000007c       0x32 Drivers\STM32L0xx_HAL_Driver\stm32l0xx_hal_cortex.o
 .ARM.attributes
                0x000000ae       0x32 Drivers\STM32L0xx_HAL_Driver\stm32l0xx_hal_flash.o
 .ARM.attributes
                0x000000e0       0x32 Drivers\STM32L0xx_HAL_Driver\stm32l0xx_hal_flash_ex.o
 .ARM.attributes
                0x00000112       0x32 Drivers\STM32L0xx_HAL_Driver\stm32l0xx_hal_gpio.o
 .ARM.attributes
                0x00000144       0x32 Drivers\STM32L0xx_HAL_Driver\stm32l0xx_hal_rcc.o
 .ARM.attributes
                0x00000176       0x32 Drivers\STM32L0xx_HAL_Driver\stm32l0xx_hal_rcc_ex.o
 .ARM.attributes
                0x000001a8       0x32 Drivers\STM32L0xx_HAL_Driver\stm32l0xx_hal_spi.o
 .ARM.attributes
                0x000001da       0x32 Middlewares\X-CUBE-BLE1\Wireless\Controller\bluenrg_gap_aci.o
 .ARM.attributes
                0x0000020c       0x32 Middlewares\X-CUBE-BLE1\Wireless\Controller\bluenrg_gatt_aci.o
 .ARM.attributes
                0x0000023e       0x32 Middlewares\X-CUBE-BLE1\Wireless\Controller\bluenrg_hal_aci.o
 .ARM.attributes
                0x00000270       0x32 Middlewares\X-CUBE-BLE1\Wireless\Controller\bluenrg_utils_small.o
 .ARM.attributes
                0x000002a2       0x32 Middlewares\X-CUBE-BLE1\Wireless\HCI_TL\Basic\hci_le.o
 .ARM.attributes
                0x000002d4       0x32 Middlewares\X-CUBE-BLE1\Wireless\HCI_TL\Basic\hci_tl.o
 .ARM.attributes
                0x00000306       0x32 Middlewares\X-CUBE-BLE1\Wireless\Utils\ble_list.o
 .ARM.attributes
                0x00000338       0x32 Src\hci_tl_interface.o
 .ARM.attributes
                0x0000036a       0x32 Src\lgs_bluetooth.o
 .ARM.attributes
                0x0000039c       0x32 Src\lgs_datamanagement.o
 .ARM.attributes
                0x000003ce       0x32 Src\main.o
 .ARM.attributes
                0x00000400       0x32 Src\nucleo_l053r8_bus.o
 .ARM.attributes
                0x00000432       0x32 Src\stm32l0_nucleo_l053r8.o
 .ARM.attributes
                0x00000464       0x32 Src\stm32l0xx_hal_exti.o
 .ARM.attributes
                0x00000496       0x32 Src\stm32l0xx_hal_msp.o
 .ARM.attributes
                0x000004c8       0x32 Src\stm32l0xx_it.o
 .ARM.attributes
                0x000004fa       0x32 Src\system_stm32l0xx.o
 .ARM.attributes
                0x0000052c       0x22 startup\startup_stm32l053xx.o
 .ARM.attributes
                0x0000054e       0x2c d:/arm_toolchain/truestudio for stm32 9.1.0/armtools/bin/../lib/gcc/arm-atollic-eabi/6.3.1/../../../../arm-atollic-eabi/lib/armv6-m\libc_nano.a(lib_a-init.o)
 .ARM.attributes
                0x0000057a       0x2c d:/arm_toolchain/truestudio for stm32 9.1.0/armtools/bin/../lib/gcc/arm-atollic-eabi/6.3.1/../../../../arm-atollic-eabi/lib/armv6-m\libc_nano.a(lib_a-memcpy-stub.o)
 .ARM.attributes
                0x000005a6       0x2c d:/arm_toolchain/truestudio for stm32 9.1.0/armtools/bin/../lib/gcc/arm-atollic-eabi/6.3.1/../../../../arm-atollic-eabi/lib/armv6-m\libc_nano.a(lib_a-memset.o)
 .ARM.attributes
                0x000005d2       0x2c d:/arm_toolchain/truestudio for stm32 9.1.0/armtools/bin/../lib/gcc/arm-atollic-eabi/6.3.1/../../../../arm-atollic-eabi/lib/armv6-m\libc_nano.a(lib_a-rand.o)
 .ARM.attributes
                0x000005fe       0x2c d:/arm_toolchain/truestudio for stm32 9.1.0/armtools/bin/../lib/gcc/arm-atollic-eabi/6.3.1/../../../../arm-atollic-eabi/lib/armv6-m\libc_nano.a(lib_a-impure.o)
 .ARM.attributes
                0x0000062a       0x2c d:/arm_toolchain/truestudio for stm32 9.1.0/armtools/bin/../lib/gcc/arm-atollic-eabi/6.3.1/../../../../arm-atollic-eabi/lib/armv6-m\libc_nano.a(lib_a-malloc.o)
 .ARM.attributes
                0x00000656       0x2c d:/arm_toolchain/truestudio for stm32 9.1.0/armtools/bin/../lib/gcc/arm-atollic-eabi/6.3.1/../../../../arm-atollic-eabi/lib/armv6-m\libc_nano.a(lib_a-nano-mallocr.o)
 .ARM.attributes
                0x00000682       0x2c d:/arm_toolchain/truestudio for stm32 9.1.0/armtools/bin/../lib/gcc/arm-atollic-eabi/6.3.1/../../../../arm-atollic-eabi/lib/armv6-m\libc_nano.a(lib_a-sbrkr.o)
 .ARM.attributes
                0x000006ae       0x2c d:/arm_toolchain/truestudio for stm32 9.1.0/armtools/bin/../lib/gcc/arm-atollic-eabi/6.3.1/../../../../arm-atollic-eabi/lib/armv6-m\libc_nano.a(lib_a-mlock.o)
 .ARM.attributes
                0x000006da       0x2c d:/arm_toolchain/truestudio for stm32 9.1.0/armtools/bin/../lib/gcc/arm-atollic-eabi/6.3.1/../../../../arm-atollic-eabi/lib/armv6-m\libc_nano.a(lib_a-reent.o)
 .ARM.attributes
                0x00000706       0x1e d:/arm_toolchain/truestudio for stm32 9.1.0/armtools/bin/../lib/gcc/arm-atollic-eabi/6.3.1/armv6-m\libgcc.a(_udivsi3.o)
 .ARM.attributes
                0x00000724       0x1e d:/arm_toolchain/truestudio for stm32 9.1.0/armtools/bin/../lib/gcc/arm-atollic-eabi/6.3.1/armv6-m\libgcc.a(_dvmd_tls.o)
 .ARM.attributes
                0x00000742       0x1e d:/arm_toolchain/truestudio for stm32 9.1.0/armtools/bin/../lib/gcc/arm-atollic-eabi/6.3.1/armv6-m\libgcc.a(_aeabi_uldivmod.o)
 .ARM.attributes
                0x00000760       0x2c d:/arm_toolchain/truestudio for stm32 9.1.0/armtools/bin/../lib/gcc/arm-atollic-eabi/6.3.1/armv6-m\libgcc.a(_muldi3.o)
 .ARM.attributes
                0x0000078c       0x2c d:/arm_toolchain/truestudio for stm32 9.1.0/armtools/bin/../lib/gcc/arm-atollic-eabi/6.3.1/armv6-m\libgcc.a(_udivmoddi4.o)
 .ARM.attributes
                0x000007b8       0x1e d:/arm_toolchain/truestudio for stm32 9.1.0/armtools/bin/../lib/gcc/arm-atollic-eabi/6.3.1/armv6-m\libgcc.a(_clzdi2.o)
 .ARM.attributes
                0x000007d6       0x1e d:/arm_toolchain/truestudio for stm32 9.1.0/armtools/bin/../lib/gcc/arm-atollic-eabi/6.3.1/armv6-m\libgcc.a(_clzsi2.o)
 .ARM.attributes
                0x000007f4       0x2c d:/arm_toolchain/truestudio for stm32 9.1.0/armtools/bin/../lib/gcc/arm-atollic-eabi/6.3.1/../../../../arm-atollic-eabi/lib/armv6-m\libnosys.a(sbrk.o)
 .ARM.attributes
                0x00000820       0x1e d:/arm_toolchain/truestudio for stm32 9.1.0/armtools/bin/../lib/gcc/arm-atollic-eabi/6.3.1/armv6-m/crtn.o
OUTPUT(SensorDemo_BLESensor-App.elf elf32-littlearm)

.debug_info     0x00000000    0x1b6cf
 .debug_info    0x00000000      0x865 Drivers\STM32L0xx_HAL_Driver\stm32l0xx_hal.o
 .debug_info    0x00000865      0x9b5 Drivers\STM32L0xx_HAL_Driver\stm32l0xx_hal_cortex.o
 .debug_info    0x0000121a      0x5b5 Drivers\STM32L0xx_HAL_Driver\stm32l0xx_hal_flash.o
 .debug_info    0x000017cf      0xc7d Drivers\STM32L0xx_HAL_Driver\stm32l0xx_hal_flash_ex.o
 .debug_info    0x0000244c      0x6d2 Drivers\STM32L0xx_HAL_Driver\stm32l0xx_hal_gpio.o
 .debug_info    0x00002b1e      0xbfe Drivers\STM32L0xx_HAL_Driver\stm32l0xx_hal_rcc.o
 .debug_info    0x0000371c      0x8c0 Drivers\STM32L0xx_HAL_Driver\stm32l0xx_hal_rcc_ex.o
 .debug_info    0x00003fdc     0x1c72 Drivers\STM32L0xx_HAL_Driver\stm32l0xx_hal_spi.o
 .debug_info    0x00005c4e     0x3888 Middlewares\X-CUBE-BLE1\Wireless\Controller\bluenrg_gap_aci.o
 .debug_info    0x000094d6     0x3868 Middlewares\X-CUBE-BLE1\Wireless\Controller\bluenrg_gatt_aci.o
 .debug_info    0x0000cd3e     0x1170 Middlewares\X-CUBE-BLE1\Wireless\Controller\bluenrg_hal_aci.o
 .debug_info    0x0000deae      0xb6e Middlewares\X-CUBE-BLE1\Wireless\Controller\bluenrg_utils_small.o
 .debug_info    0x0000ea1c     0x27ea Middlewares\X-CUBE-BLE1\Wireless\HCI_TL\Basic\hci_le.o
 .debug_info    0x00011206     0x13aa Middlewares\X-CUBE-BLE1\Wireless\HCI_TL\Basic\hci_tl.o
 .debug_info    0x000125b0      0xfa6 Middlewares\X-CUBE-BLE1\Wireless\Utils\ble_list.o
 .debug_info    0x00013556     0x12ea Src\hci_tl_interface.o
 .debug_info    0x00014840     0x23bb Src\lgs_bluetooth.o
 .debug_info    0x00016bfb      0xe3b Src\lgs_datamanagement.o
 .debug_info    0x00017a36      0xb04 Src\main.o
 .debug_info    0x0001853a      0xbeb Src\nucleo_l053r8_bus.o
 .debug_info    0x00019125     0x1a80 Src\stm32l0_nucleo_l053r8.o
 .debug_info    0x0001aba5      0x2d2 Src\stm32l0xx_hal_exti.o
 .debug_info    0x0001ae77      0x25e Src\stm32l0xx_hal_msp.o
 .debug_info    0x0001b0d5      0x1f0 Src\stm32l0xx_it.o
 .debug_info    0x0001b2c5      0x398 Src\system_stm32l0xx.o
 .debug_info    0x0001b65d       0x72 startup\startup_stm32l053xx.o

.debug_abbrev   0x00000000     0x3b7a
 .debug_abbrev  0x00000000      0x28c Drivers\STM32L0xx_HAL_Driver\stm32l0xx_hal.o
 .debug_abbrev  0x0000028c      0x266 Drivers\STM32L0xx_HAL_Driver\stm32l0xx_hal_cortex.o
 .debug_abbrev  0x000004f2      0x28f Drivers\STM32L0xx_HAL_Driver\stm32l0xx_hal_flash.o
 .debug_abbrev  0x00000781      0x2c2 Drivers\STM32L0xx_HAL_Driver\stm32l0xx_hal_flash_ex.o
 .debug_abbrev  0x00000a43      0x1ca Drivers\STM32L0xx_HAL_Driver\stm32l0xx_hal_gpio.o
 .debug_abbrev  0x00000c0d      0x2be Drivers\STM32L0xx_HAL_Driver\stm32l0xx_hal_rcc.o
 .debug_abbrev  0x00000ecb      0x22a Drivers\STM32L0xx_HAL_Driver\stm32l0xx_hal_rcc_ex.o
 .debug_abbrev  0x000010f5      0x350 Drivers\STM32L0xx_HAL_Driver\stm32l0xx_hal_spi.o
 .debug_abbrev  0x00001445      0x261 Middlewares\X-CUBE-BLE1\Wireless\Controller\bluenrg_gap_aci.o
 .debug_abbrev  0x000016a6      0x275 Middlewares\X-CUBE-BLE1\Wireless\Controller\bluenrg_gatt_aci.o
 .debug_abbrev  0x0000191b      0x223 Middlewares\X-CUBE-BLE1\Wireless\Controller\bluenrg_hal_aci.o
 .debug_abbrev  0x00001b3e      0x1c2 Middlewares\X-CUBE-BLE1\Wireless\Controller\bluenrg_utils_small.o
 .debug_abbrev  0x00001d00      0x252 Middlewares\X-CUBE-BLE1\Wireless\HCI_TL\Basic\hci_le.o
 .debug_abbrev  0x00001f52      0x3db Middlewares\X-CUBE-BLE1\Wireless\HCI_TL\Basic\hci_tl.o
 .debug_abbrev  0x0000232d      0x282 Middlewares\X-CUBE-BLE1\Wireless\Utils\ble_list.o
 .debug_abbrev  0x000025af      0x2b0 Src\hci_tl_interface.o
 .debug_abbrev  0x0000285f      0x3c4 Src\lgs_bluetooth.o
 .debug_abbrev  0x00002c23      0x2f0 Src\lgs_datamanagement.o
 .debug_abbrev  0x00002f13      0x21c Src\main.o
 .debug_abbrev  0x0000312f      0x26e Src\nucleo_l053r8_bus.o
 .debug_abbrev  0x0000339d      0x35b Src\stm32l0_nucleo_l053r8.o
 .debug_abbrev  0x000036f8      0x165 Src\stm32l0xx_hal_exti.o
 .debug_abbrev  0x0000385d       0xc9 Src\stm32l0xx_hal_msp.o
 .debug_abbrev  0x00003926      0x134 Src\stm32l0xx_it.o
 .debug_abbrev  0x00003a5a      0x10e Src\system_stm32l0xx.o
 .debug_abbrev  0x00003b68       0x12 startup\startup_stm32l053xx.o

.debug_loc      0x00000000     0xa036
 .debug_loc     0x00000000      0x13d Drivers\STM32L0xx_HAL_Driver\stm32l0xx_hal.o
 .debug_loc     0x0000013d      0x3ed Drivers\STM32L0xx_HAL_Driver\stm32l0xx_hal_cortex.o
 .debug_loc     0x0000052a      0x1aa Drivers\STM32L0xx_HAL_Driver\stm32l0xx_hal_flash.o
 .debug_loc     0x000006d4      0x9b1 Drivers\STM32L0xx_HAL_Driver\stm32l0xx_hal_flash_ex.o
 .debug_loc     0x00001085      0x2ea Drivers\STM32L0xx_HAL_Driver\stm32l0xx_hal_gpio.o
 .debug_loc     0x0000136f      0x561 Drivers\STM32L0xx_HAL_Driver\stm32l0xx_hal_rcc.o
 .debug_loc     0x000018d0      0x5da Drivers\STM32L0xx_HAL_Driver\stm32l0xx_hal_rcc_ex.o
 .debug_loc     0x00001eaa     0x16ad Drivers\STM32L0xx_HAL_Driver\stm32l0xx_hal_spi.o
 .debug_loc     0x00003557     0x21c4 Middlewares\X-CUBE-BLE1\Wireless\Controller\bluenrg_gap_aci.o
 .debug_loc     0x0000571b     0x1ffe Middlewares\X-CUBE-BLE1\Wireless\Controller\bluenrg_gatt_aci.o
 .debug_loc     0x00007719      0x2ef Middlewares\X-CUBE-BLE1\Wireless\Controller\bluenrg_hal_aci.o
 .debug_loc     0x00007a08       0x58 Middlewares\X-CUBE-BLE1\Wireless\Controller\bluenrg_utils_small.o
 .debug_loc     0x00007a60      0xb8e Middlewares\X-CUBE-BLE1\Wireless\HCI_TL\Basic\hci_le.o
 .debug_loc     0x000085ee      0x491 Middlewares\X-CUBE-BLE1\Wireless\HCI_TL\Basic\hci_tl.o
 .debug_loc     0x00008a7f      0x119 Middlewares\X-CUBE-BLE1\Wireless\Utils\ble_list.o
 .debug_loc     0x00008b98      0x16e Src\hci_tl_interface.o
 .debug_loc     0x00008d06      0x719 Src\lgs_bluetooth.o
 .debug_loc     0x0000941f      0x560 Src\lgs_datamanagement.o
 .debug_loc     0x0000997f      0x1ec Src\nucleo_l053r8_bus.o
 .debug_loc     0x00009b6b      0x277 Src\stm32l0_nucleo_l053r8.o
 .debug_loc     0x00009de2       0xf9 Src\stm32l0xx_hal_exti.o
 .debug_loc     0x00009edb      0x15b Src\system_stm32l0xx.o

.debug_aranges  0x00000000      0xe60
 .debug_aranges
                0x00000000       0xf0 Drivers\STM32L0xx_HAL_Driver\stm32l0xx_hal.o
 .debug_aranges
                0x000000f0       0x90 Drivers\STM32L0xx_HAL_Driver\stm32l0xx_hal_cortex.o
 .debug_aranges
                0x00000180       0x78 Drivers\STM32L0xx_HAL_Driver\stm32l0xx_hal_flash.o
 .debug_aranges
                0x000001f8       0x98 Drivers\STM32L0xx_HAL_Driver\stm32l0xx_hal_flash_ex.o
 .debug_aranges
                0x00000290       0x58 Drivers\STM32L0xx_HAL_Driver\stm32l0xx_hal_gpio.o
 .debug_aranges
                0x000002e8       0x80 Drivers\STM32L0xx_HAL_Driver\stm32l0xx_hal_rcc.o
 .debug_aranges
                0x00000368       0x98 Drivers\STM32L0xx_HAL_Driver\stm32l0xx_hal_rcc_ex.o
 .debug_aranges
                0x00000400      0x188 Drivers\STM32L0xx_HAL_Driver\stm32l0xx_hal_spi.o
 .debug_aranges
                0x00000588      0x168 Middlewares\X-CUBE-BLE1\Wireless\Controller\bluenrg_gap_aci.o
 .debug_aranges
                0x000006f0      0x178 Middlewares\X-CUBE-BLE1\Wireless\Controller\bluenrg_gatt_aci.o
 .debug_aranges
                0x00000868       0x68 Middlewares\X-CUBE-BLE1\Wireless\Controller\bluenrg_hal_aci.o
 .debug_aranges
                0x000008d0       0x20 Middlewares\X-CUBE-BLE1\Wireless\Controller\bluenrg_utils_small.o
 .debug_aranges
                0x000008f0      0x110 Middlewares\X-CUBE-BLE1\Wireless\HCI_TL\Basic\hci_le.o
 .debug_aranges
                0x00000a00       0x48 Middlewares\X-CUBE-BLE1\Wireless\HCI_TL\Basic\hci_tl.o
 .debug_aranges
                0x00000a48       0x78 Middlewares\X-CUBE-BLE1\Wireless\Utils\ble_list.o
 .debug_aranges
                0x00000ac0       0x50 Src\hci_tl_interface.o
 .debug_aranges
                0x00000b10       0x98 Src\lgs_bluetooth.o
 .debug_aranges
                0x00000ba8       0xb8 Src\lgs_datamanagement.o
 .debug_aranges
                0x00000c60       0x38 Src\main.o
 .debug_aranges
                0x00000c98       0x50 Src\nucleo_l053r8_bus.o
 .debug_aranges
                0x00000ce8       0xa0 Src\stm32l0_nucleo_l053r8.o
 .debug_aranges
                0x00000d88       0x30 Src\stm32l0xx_hal_exti.o
 .debug_aranges
                0x00000db8       0x20 Src\stm32l0xx_hal_msp.o
 .debug_aranges
                0x00000dd8       0x38 Src\stm32l0xx_it.o
 .debug_aranges
                0x00000e10       0x28 Src\system_stm32l0xx.o
 .debug_aranges
                0x00000e38       0x28 startup\startup_stm32l053xx.o

.debug_ranges   0x00000000     0x11e0
 .debug_ranges  0x00000000       0xe0 Drivers\STM32L0xx_HAL_Driver\stm32l0xx_hal.o
 .debug_ranges  0x000000e0      0x138 Drivers\STM32L0xx_HAL_Driver\stm32l0xx_hal_cortex.o
 .debug_ranges  0x00000218       0x68 Drivers\STM32L0xx_HAL_Driver\stm32l0xx_hal_flash.o
 .debug_ranges  0x00000280      0x100 Drivers\STM32L0xx_HAL_Driver\stm32l0xx_hal_flash_ex.o
 .debug_ranges  0x00000380       0x48 Drivers\STM32L0xx_HAL_Driver\stm32l0xx_hal_gpio.o
 .debug_ranges  0x000003c8       0xb8 Drivers\STM32L0xx_HAL_Driver\stm32l0xx_hal_rcc.o
 .debug_ranges  0x00000480       0xa8 Drivers\STM32L0xx_HAL_Driver\stm32l0xx_hal_rcc_ex.o
 .debug_ranges  0x00000528      0x250 Drivers\STM32L0xx_HAL_Driver\stm32l0xx_hal_spi.o
 .debug_ranges  0x00000778      0x158 Middlewares\X-CUBE-BLE1\Wireless\Controller\bluenrg_gap_aci.o
 .debug_ranges  0x000008d0      0x168 Middlewares\X-CUBE-BLE1\Wireless\Controller\bluenrg_gatt_aci.o
 .debug_ranges  0x00000a38       0x58 Middlewares\X-CUBE-BLE1\Wireless\Controller\bluenrg_hal_aci.o
 .debug_ranges  0x00000a90       0x10 Middlewares\X-CUBE-BLE1\Wireless\Controller\bluenrg_utils_small.o
 .debug_ranges  0x00000aa0      0x100 Middlewares\X-CUBE-BLE1\Wireless\HCI_TL\Basic\hci_le.o
 .debug_ranges  0x00000ba0       0x90 Middlewares\X-CUBE-BLE1\Wireless\HCI_TL\Basic\hci_tl.o
 .debug_ranges  0x00000c30       0x68 Middlewares\X-CUBE-BLE1\Wireless\Utils\ble_list.o
 .debug_ranges  0x00000c98       0x70 Src\hci_tl_interface.o
 .debug_ranges  0x00000d08       0xe8 Src\lgs_bluetooth.o
 .debug_ranges  0x00000df0      0x108 Src\lgs_datamanagement.o
 .debug_ranges  0x00000ef8       0xc0 Src\main.o
 .debug_ranges  0x00000fb8       0x58 Src\nucleo_l053r8_bus.o
 .debug_ranges  0x00001010      0x140 Src\stm32l0_nucleo_l053r8.o
 .debug_ranges  0x00001150       0x20 Src\stm32l0xx_hal_exti.o
 .debug_ranges  0x00001170       0x10 Src\stm32l0xx_hal_msp.o
 .debug_ranges  0x00001180       0x28 Src\stm32l0xx_it.o
 .debug_ranges  0x000011a8       0x18 Src\system_stm32l0xx.o
 .debug_ranges  0x000011c0       0x20 startup\startup_stm32l053xx.o

.debug_line     0x00000000     0x8df7
 .debug_line    0x00000000      0x52b Drivers\STM32L0xx_HAL_Driver\stm32l0xx_hal.o
 .debug_line    0x0000052b      0x508 Drivers\STM32L0xx_HAL_Driver\stm32l0xx_hal_cortex.o
 .debug_line    0x00000a33      0x4f8 Drivers\STM32L0xx_HAL_Driver\stm32l0xx_hal_flash.o
 .debug_line    0x00000f2b      0x644 Drivers\STM32L0xx_HAL_Driver\stm32l0xx_hal_flash_ex.o
 .debug_line    0x0000156f      0x449 Drivers\STM32L0xx_HAL_Driver\stm32l0xx_hal_gpio.o
 .debug_line    0x000019b8      0x622 Drivers\STM32L0xx_HAL_Driver\stm32l0xx_hal_rcc.o
 .debug_line    0x00001fda      0x5eb Drivers\STM32L0xx_HAL_Driver\stm32l0xx_hal_rcc_ex.o
 .debug_line    0x000025c5      0xce9 Drivers\STM32L0xx_HAL_Driver\stm32l0xx_hal_spi.o
 .debug_line    0x000032ae      0xb6c Middlewares\X-CUBE-BLE1\Wireless\Controller\bluenrg_gap_aci.o
 .debug_line    0x00003e1a      0xba8 Middlewares\X-CUBE-BLE1\Wireless\Controller\bluenrg_gatt_aci.o
 .debug_line    0x000049c2      0x587 Middlewares\X-CUBE-BLE1\Wireless\Controller\bluenrg_hal_aci.o
 .debug_line    0x00004f49      0x3a0 Middlewares\X-CUBE-BLE1\Wireless\Controller\bluenrg_utils_small.o
 .debug_line    0x000052e9      0x8e2 Middlewares\X-CUBE-BLE1\Wireless\HCI_TL\Basic\hci_le.o
 .debug_line    0x00005bcb      0x5df Middlewares\X-CUBE-BLE1\Wireless\HCI_TL\Basic\hci_tl.o
 .debug_line    0x000061aa      0x54f Middlewares\X-CUBE-BLE1\Wireless\Utils\ble_list.o
 .debug_line    0x000066f9      0x4b5 Src\hci_tl_interface.o
 .debug_line    0x00006bae      0x738 Src\lgs_bluetooth.o
 .debug_line    0x000072e6      0x4d5 Src\lgs_datamanagement.o
 .debug_line    0x000077bb      0x36b Src\main.o
 .debug_line    0x00007b26      0x354 Src\nucleo_l053r8_bus.o
 .debug_line    0x00007e7a      0x528 Src\stm32l0_nucleo_l053r8.o
 .debug_line    0x000083a2      0x291 Src\stm32l0xx_hal_exti.o
 .debug_line    0x00008633      0x220 Src\stm32l0xx_hal_msp.o
 .debug_line    0x00008853      0x257 Src\stm32l0xx_it.o
 .debug_line    0x00008aaa      0x2ca Src\system_stm32l0xx.o
 .debug_line    0x00008d74       0x83 startup\startup_stm32l053xx.o

.debug_str      0x00000000     0x664a
 .debug_str     0x00000000      0x7ac Drivers\STM32L0xx_HAL_Driver\stm32l0xx_hal.o
                                0x803 (size before relaxing)
 .debug_str     0x000007ac      0x31b Drivers\STM32L0xx_HAL_Driver\stm32l0xx_hal_cortex.o
                                0x786 (size before relaxing)
 .debug_str     0x00000ac7      0x28c Drivers\STM32L0xx_HAL_Driver\stm32l0xx_hal_flash.o
                                0x519 (size before relaxing)
 .debug_str     0x00000d53      0x443 Drivers\STM32L0xx_HAL_Driver\stm32l0xx_hal_flash_ex.o
                                0x7ed (size before relaxing)
 .debug_str     0x00001196      0x1d1 Drivers\STM32L0xx_HAL_Driver\stm32l0xx_hal_gpio.o
                                0x4d7 (size before relaxing)
 .debug_str     0x00001367      0x368 Drivers\STM32L0xx_HAL_Driver\stm32l0xx_hal_rcc.o
                                0x72f (size before relaxing)
 .debug_str     0x000016cf      0x46c Drivers\STM32L0xx_HAL_Driver\stm32l0xx_hal_rcc_ex.o
                                0x81b (size before relaxing)
 .debug_str     0x00001b3b      0x8d6 Drivers\STM32L0xx_HAL_Driver\stm32l0xx_hal_spi.o
                                0xbc4 (size before relaxing)
 .debug_str     0x00002411     0x1259 Middlewares\X-CUBE-BLE1\Wireless\Controller\bluenrg_gap_aci.o
                               0x18e8 (size before relaxing)
 .debug_str     0x0000366a      0xcc2 Middlewares\X-CUBE-BLE1\Wireless\Controller\bluenrg_gatt_aci.o
                               0x174e (size before relaxing)
 .debug_str     0x0000432c      0x28e Middlewares\X-CUBE-BLE1\Wireless\Controller\bluenrg_hal_aci.o
                                0xa1c (size before relaxing)
 .debug_str     0x000045ba      0x209 Middlewares\X-CUBE-BLE1\Wireless\Controller\bluenrg_utils_small.o
                                0x81d (size before relaxing)
 .debug_str     0x000047c3      0x780 Middlewares\X-CUBE-BLE1\Wireless\HCI_TL\Basic\hci_le.o
                               0x1262 (size before relaxing)
 .debug_str     0x00004f43      0x319 Middlewares\X-CUBE-BLE1\Wireless\HCI_TL\Basic\hci_tl.o
                                0xa63 (size before relaxing)
 .debug_str     0x0000525c      0x12b Middlewares\X-CUBE-BLE1\Wireless\Utils\ble_list.o
                                0x7d1 (size before relaxing)
 .debug_str     0x00005387      0x167 Src\hci_tl_interface.o
                                0xb5a (size before relaxing)
 .debug_str     0x000054ee      0x85f Src\lgs_bluetooth.o
                               0x12e1 (size before relaxing)
 .debug_str     0x00005d4d      0x28b Src\lgs_datamanagement.o
                                0x784 (size before relaxing)
 .debug_str     0x00005fd8       0x57 Src\main.o
                                0x9e7 (size before relaxing)
 .debug_str     0x0000602f       0x8c Src\nucleo_l053r8_bus.o
                                0x843 (size before relaxing)
 .debug_str     0x000060bb      0x435 Src\stm32l0_nucleo_l053r8.o
                               0x10b5 (size before relaxing)
 .debug_str     0x000064f0       0x7f Src\stm32l0xx_hal_exti.o
                                0x312 (size before relaxing)
 .debug_str     0x0000656f       0x1b Src\stm32l0xx_hal_msp.o
                                0x292 (size before relaxing)
 .debug_str     0x0000658a       0x72 Src\stm32l0xx_it.o
                                0x28d (size before relaxing)
 .debug_str     0x000065fc       0x4e Src\system_stm32l0xx.o
                                0x2f6 (size before relaxing)

.comment        0x00000000       0x7c
 .comment       0x00000000       0x7c Drivers\STM32L0xx_HAL_Driver\stm32l0xx_hal.o
                                 0x7d (size before relaxing)
 .comment       0x0000007c       0x7d Drivers\STM32L0xx_HAL_Driver\stm32l0xx_hal_cortex.o
 .comment       0x0000007c       0x7d Drivers\STM32L0xx_HAL_Driver\stm32l0xx_hal_flash.o
 .comment       0x0000007c       0x7d Drivers\STM32L0xx_HAL_Driver\stm32l0xx_hal_flash_ex.o
 .comment       0x0000007c       0x7d Drivers\STM32L0xx_HAL_Driver\stm32l0xx_hal_gpio.o
 .comment       0x0000007c       0x7d Drivers\STM32L0xx_HAL_Driver\stm32l0xx_hal_rcc.o
 .comment       0x0000007c       0x7d Drivers\STM32L0xx_HAL_Driver\stm32l0xx_hal_rcc_ex.o
 .comment       0x0000007c       0x7d Drivers\STM32L0xx_HAL_Driver\stm32l0xx_hal_spi.o
 .comment       0x0000007c       0x7d Middlewares\X-CUBE-BLE1\Wireless\Controller\bluenrg_gap_aci.o
 .comment       0x0000007c       0x7d Middlewares\X-CUBE-BLE1\Wireless\Controller\bluenrg_gatt_aci.o
 .comment       0x0000007c       0x7d Middlewares\X-CUBE-BLE1\Wireless\Controller\bluenrg_hal_aci.o
 .comment       0x0000007c       0x7d Middlewares\X-CUBE-BLE1\Wireless\Controller\bluenrg_utils_small.o
 .comment       0x0000007c       0x7d Middlewares\X-CUBE-BLE1\Wireless\HCI_TL\Basic\hci_le.o
 .comment       0x0000007c       0x7d Middlewares\X-CUBE-BLE1\Wireless\HCI_TL\Basic\hci_tl.o
 .comment       0x0000007c       0x7d Middlewares\X-CUBE-BLE1\Wireless\Utils\ble_list.o
 .comment       0x0000007c       0x7d Src\hci_tl_interface.o
 .comment       0x0000007c       0x7d Src\lgs_bluetooth.o
 .comment       0x0000007c       0x7d Src\lgs_datamanagement.o
 .comment       0x0000007c       0x7d Src\main.o
 .comment       0x0000007c       0x7d Src\nucleo_l053r8_bus.o
 .comment       0x0000007c       0x7d Src\stm32l0_nucleo_l053r8.o
 .comment       0x0000007c       0x7d Src\stm32l0xx_hal_exti.o
 .comment       0x0000007c       0x7d Src\stm32l0xx_hal_msp.o
 .comment       0x0000007c       0x7d Src\stm32l0xx_it.o
 .comment       0x0000007c       0x7d Src\system_stm32l0xx.o

.debug_frame    0x00000000     0x2ae0
 .debug_frame   0x00000000      0x1f8 Drivers\STM32L0xx_HAL_Driver\stm32l0xx_hal.o
 .debug_frame   0x000001f8      0x11c Drivers\STM32L0xx_HAL_Driver\stm32l0xx_hal_cortex.o
 .debug_frame   0x00000314      0x128 Drivers\STM32L0xx_HAL_Driver\stm32l0xx_hal_flash.o
 .debug_frame   0x0000043c      0x198 Drivers\STM32L0xx_HAL_Driver\stm32l0xx_hal_flash_ex.o
 .debug_frame   0x000005d4       0xbc Drivers\STM32L0xx_HAL_Driver\stm32l0xx_hal_gpio.o
 .debug_frame   0x00000690      0x148 Drivers\STM32L0xx_HAL_Driver\stm32l0xx_hal_rcc.o
 .debug_frame   0x000007d8      0x18c Drivers\STM32L0xx_HAL_Driver\stm32l0xx_hal_rcc_ex.o
 .debug_frame   0x00000964      0x564 Drivers\STM32L0xx_HAL_Driver\stm32l0xx_hal_spi.o
 .debug_frame   0x00000ec8      0x508 Middlewares\X-CUBE-BLE1\Wireless\Controller\bluenrg_gap_aci.o
 .debug_frame   0x000013d0      0x550 Middlewares\X-CUBE-BLE1\Wireless\Controller\bluenrg_gatt_aci.o
 .debug_frame   0x00001920      0x140 Middlewares\X-CUBE-BLE1\Wireless\Controller\bluenrg_hal_aci.o
 .debug_frame   0x00001a60       0x30 Middlewares\X-CUBE-BLE1\Wireless\Controller\bluenrg_utils_small.o
 .debug_frame   0x00001a90      0x3cc Middlewares\X-CUBE-BLE1\Wireless\HCI_TL\Basic\hci_le.o
 .debug_frame   0x00001e5c       0xb4 Middlewares\X-CUBE-BLE1\Wireless\HCI_TL\Basic\hci_tl.o
 .debug_frame   0x00001f10       0xe8 Middlewares\X-CUBE-BLE1\Wireless\Utils\ble_list.o
 .debug_frame   0x00001ff8       0xd8 Src\hci_tl_interface.o
 .debug_frame   0x000020d0      0x1bc Src\lgs_bluetooth.o
 .debug_frame   0x0000228c      0x1e0 Src\lgs_datamanagement.o
 .debug_frame   0x0000246c       0x6c Src\main.o
 .debug_frame   0x000024d8       0xc4 Src\nucleo_l053r8_bus.o
 .debug_frame   0x0000259c      0x1a8 Src\stm32l0_nucleo_l053r8.o
 .debug_frame   0x00002744       0x48 Src\stm32l0xx_hal_exti.o
 .debug_frame   0x0000278c       0x20 Src\stm32l0xx_hal_msp.o
 .debug_frame   0x000027ac       0x80 Src\stm32l0xx_it.o
 .debug_frame   0x0000282c       0x3c Src\system_stm32l0xx.o
 .debug_frame   0x00002868       0x2c d:/arm_toolchain/truestudio for stm32 9.1.0/armtools/bin/../lib/gcc/arm-atollic-eabi/6.3.1/../../../../arm-atollic-eabi/lib/armv6-m\libc_nano.a(lib_a-init.o)
 .debug_frame   0x00002894       0x28 d:/arm_toolchain/truestudio for stm32 9.1.0/armtools/bin/../lib/gcc/arm-atollic-eabi/6.3.1/../../../../arm-atollic-eabi/lib/armv6-m\libc_nano.a(lib_a-memcpy-stub.o)
 .debug_frame   0x000028bc       0x20 d:/arm_toolchain/truestudio for stm32 9.1.0/armtools/bin/../lib/gcc/arm-atollic-eabi/6.3.1/../../../../arm-atollic-eabi/lib/armv6-m\libc_nano.a(lib_a-memset.o)
 .debug_frame   0x000028dc       0x44 d:/arm_toolchain/truestudio for stm32 9.1.0/armtools/bin/../lib/gcc/arm-atollic-eabi/6.3.1/../../../../arm-atollic-eabi/lib/armv6-m\libc_nano.a(lib_a-rand.o)
 .debug_frame   0x00002920       0x40 d:/arm_toolchain/truestudio for stm32 9.1.0/armtools/bin/../lib/gcc/arm-atollic-eabi/6.3.1/../../../../arm-atollic-eabi/lib/armv6-m\libc_nano.a(lib_a-malloc.o)
 .debug_frame   0x00002960       0x2c d:/arm_toolchain/truestudio for stm32 9.1.0/armtools/bin/../lib/gcc/arm-atollic-eabi/6.3.1/../../../../arm-atollic-eabi/lib/armv6-m\libc_nano.a(lib_a-nano-mallocr.o)
 .debug_frame   0x0000298c       0x2c d:/arm_toolchain/truestudio for stm32 9.1.0/armtools/bin/../lib/gcc/arm-atollic-eabi/6.3.1/../../../../arm-atollic-eabi/lib/armv6-m\libc_nano.a(lib_a-sbrkr.o)
 .debug_frame   0x000029b8       0x30 d:/arm_toolchain/truestudio for stm32 9.1.0/armtools/bin/../lib/gcc/arm-atollic-eabi/6.3.1/../../../../arm-atollic-eabi/lib/armv6-m\libc_nano.a(lib_a-mlock.o)
 .debug_frame   0x000029e8       0x48 d:/arm_toolchain/truestudio for stm32 9.1.0/armtools/bin/../lib/gcc/arm-atollic-eabi/6.3.1/../../../../arm-atollic-eabi/lib/armv6-m\libc_nano.a(lib_a-reent.o)
 .debug_frame   0x00002a30       0x20 d:/arm_toolchain/truestudio for stm32 9.1.0/armtools/bin/../lib/gcc/arm-atollic-eabi/6.3.1/armv6-m\libgcc.a(_udivsi3.o)
 .debug_frame   0x00002a50       0x34 d:/arm_toolchain/truestudio for stm32 9.1.0/armtools/bin/../lib/gcc/arm-atollic-eabi/6.3.1/armv6-m\libgcc.a(_muldi3.o)
 .debug_frame   0x00002a84       0x3c d:/arm_toolchain/truestudio for stm32 9.1.0/armtools/bin/../lib/gcc/arm-atollic-eabi/6.3.1/armv6-m\libgcc.a(_udivmoddi4.o)
 .debug_frame   0x00002ac0       0x20 d:/arm_toolchain/truestudio for stm32 9.1.0/armtools/bin/../lib/gcc/arm-atollic-eabi/6.3.1/../../../../arm-atollic-eabi/lib/armv6-m\libnosys.a(sbrk.o)
